// Jest Snapshot v1, https://goo.gl/fbAQLP

exports[`renders corectly 1`] = `
<View
  accessible={true}
  isTVSelectable={true}
  onResponderGrant={[Function]}
  onResponderMove={[Function]}
  onResponderRelease={[Function]}
  onResponderTerminate={[Function]}
  onResponderTerminationRequest={[Function]}
  onStartShouldSetResponder={[Function]}
  style={
    Object {
      "opacity": 1,
    }
  }
>
  <View
    style={
      Array [
        Object {
          "alignItems": "center",
          "flexDirection": "row",
          "height": 135,
          "justifyContent": "space-between",
          "marginVertical": 10,
          "paddingHorizontal": 20,
        },
        undefined,
      ]
    }
  >
    <Text
      style={
        Array [
          Object {
            "color": "#fff",
            "flex": 1,
            "flexWrap": "wrap",
            "fontFamily": "raleway",
            "fontSize": 24,
          },
          undefined,
        ]
      }
    >
      
    </Text>
    <Image
      source={0}
      style={
        Object {
          "height": 50,
          "width": 50,
        }
      }
    />
  </View>
</View>
`;
